Retrieving ZInD json (attempt 1 out of 3)
Start loading ZInD json
Done loading ZInD json
Downloaded ZInD json successfully
Retrieving ZInD json (attempt 4 out of 3)
Start loading ZInD json
Done loading ZInD json
Downloaded ZInD json successfully
Could not download ZInD json, please check your credentials and internet connection
Loading ZInD json from /home/group/cvml-datasets/zind/data/zind_response.json
Loaded ZInD json successfully
Retrieving ZInD json (attempt 1 out of 3)
Start loading ZInD json
Done loading ZInD json
Downloaded ZInD json successfully
Retrieving ZInD json (attempt 4 out of 3)
Start loading ZInD json
Done loading ZInD json
Downloaded ZInD json successfully
Could not download ZInD json, please check your credentials and internet connection
Loading ZInD json from /home/group/cvml-datasets/zind/data/zind_response.json
Loaded ZInD json successfully
Retrieving ZInD json (attempt 1 out of 3)
Start loading ZInD json
Done loading ZInD json
Downloaded ZInD json successfully
Retrieving ZInD json (attempt 4 out of 3)
Start loading ZInD json
Done loading ZInD json
Downloaded ZInD json successfully
Could not download ZInD json, please check your credentials and internet connection
